// Jest Snapshot v1, https://goo.gl/fbAQLP

exports[`Pruebas en <TodoLis /> debe de mostrase correctamente 1`] = `
<ul
  className="list-group listo-group-flush"
>
  <TodoListItem
    handleDelete={[MockFunction]}
    handleToggle={[MockFunction]}
    index={0}
    key="1"
    todo={
      Object {
        "desc": "Aprender React 2",
        "done": false,
        "id": 1,
      }
    }
  />
  <TodoListItem
    handleDelete={[MockFunction]}
    handleToggle={[MockFunction]}
    index={1}
    key="2"
    todo={
      Object {
        "desc": "Aprender Angular",
        "done": false,
        "id": 2,
      }
    }
  />
</ul>
`;
